=== RoArm B200 (Lenovo) env loaded ===
  ROOT     : /NHNHOME/WORKSPACE/0526040060_A/JHPark/roarm_b200
  GPU      : 0 (UUID GPU-c553ca20-377c-49dd-c...)
  HF_HOME  : /NHNHOME/WORKSPACE/0526040060_A/JHPark/roarm_b200/.cache/huggingface
  Active   : /NHNHOME/WORKSPACE/0526040060_A/JHPark/roarm_b200/envs/roarm_b200
__init__.py
__pycache__
agents
eval_policy.py
eval_release_bc.py
gen_release_demos_from_rollout.py
policies
precision_compare.py
roarm_pick_env.py
roarm_stack_env.py
test_sanity.py
test_sanity_stack.py
train_ppo.py
transfer_to_b200.sh
warmstart_22_to_28.py
---
ff31c5a32e85cc61bec39302a9b739c0  /NHNHOME/WORKSPACE/0526040060_A/JHPark/roarm_b200/code/roarm_rl/roarm_stack_env.py
