Warning: Permanently added '[59.150.32.1]:47110' (ED25519) to the list of known hosts.
info     libmamba ****************** Backtrace Start ******************
debug    libmamba Loading configuration
trace    libmamba Compute configurable 'create_base'
trace    libmamba Compute configurable 'no_env'
trace    libmamba Compute configurable 'no_rc'
trace    libmamba Compute configurable 'rc_files'
trace    libmamba Compute configurable 'root_prefix'
trace    libmamba Get RC files configuration from locations up to HomeDir
trace    libmamba Configuration not found at '/home/sogang_jhki/.mambarc'
trace    libmamba Configuration not found at '/home/sogang_jhki/.mamba/mambarc.d'
trace    libmamba Configuration not found at '/home/sogang_jhki/.mamba/mambarc'
trace    libmamba Configuration not found at '/home/sogang_jhki/.mamba/.mambarc'
trace    libmamba Configuration not found at '/home/sogang_jhki/.config/mamba/mambarc.d'
trace    libmamba Configuration not found at '/home/sogang_jhki/.config/mamba/mambarc'
trace    libmamba Configuration not found at '/home/sogang_jhki/.config/mamba/.mambarc'
trace    libmamba Configuration not found at '/NHNHOME/WORKSPACE/0526040060_A/JHPark/roarm_b200/envs/roarm_b200/condarc.d'
trace    libmamba Configuration not found at '/NHNHOME/WORKSPACE/0526040060_A/JHPark/roarm_b200/envs/roarm_b200/condarc'
trace    libmamba Configuration not found at '/NHNHOME/WORKSPACE/0526040060_A/JHPark/roarm_b200/envs/roarm_b200/.condarc'
trace    libmamba Configuration not found at '/home/sogang_jhki/.condarc'
trace    libmamba Configuration not found at '/home/sogang_jhki/.conda/condarc.d'
trace    libmamba Configuration not found at '/home/sogang_jhki/.conda/condarc'
trace    libmamba Configuration not found at '/home/sogang_jhki/.conda/.condarc'
trace    libmamba Configuration not found at '/home/sogang_jhki/.config/conda/condarc.d'
trace    libmamba Configuration not found at '/home/sogang_jhki/.config/conda/condarc'
trace    libmamba Configuration not found at '/home/sogang_jhki/.config/conda/.condarc'
trace    libmamba Configuration not found at '/NHNHOME/WORKSPACE/0526040060_A/JHPark/opt/micromamba/.mambarc'
trace    libmamba Configuration not found at '/NHNHOME/WORKSPACE/0526040060_A/JHPark/opt/micromamba/condarc.d'
trace    libmamba Configuration not found at '/NHNHOME/WORKSPACE/0526040060_A/JHPark/opt/micromamba/condarc'
trace    libmamba Configuration not found at '/NHNHOME/WORKSPACE/0526040060_A/JHPark/opt/micromamba/.condarc'
trace    libmamba Configuration not found at '/var/lib/conda/.mambarc'
trace    libmamba Configuration not found at '/var/lib/conda/condarc.d/'
trace    libmamba Configuration not found at '/var/lib/conda/condarc'
trace    libmamba Configuration not found at '/var/lib/conda/.condarc'
trace    libmamba Configuration not found at '/etc/conda/.mambarc'
trace    libmamba Configuration not found at '/etc/conda/condarc.d/'
trace    libmamba Configuration not found at '/etc/conda/condarc'
trace    libmamba Configuration not found at '/etc/conda/.condarc'
trace    libmamba Update configurable 'no_env'
trace    libmamba Compute configurable 'envs_dirs'
trace    libmamba Compute configurable 'file_specs'
trace    libmamba Compute configurable 'spec_file_env_name'
trace    libmamba Compute configurable 'env_name'
critical libmamba An unexpected file-system separator was found in environment name: '/NHNHOME/WORKSPACE/0526040060_A/JHPark/roarm_b200/envs/isaacsim_5_1'
info     libmamba ****************** Backtrace End ********************
