=== RoArm B200 (Lenovo) env loaded ===
  ROOT     : /NHNHOME/WORKSPACE/0526040060_A/JHPark/roarm_b200
  GPU      : 0 (UUID GPU-c553ca20-377c-49dd-c...)
  HF_HOME  : /NHNHOME/WORKSPACE/0526040060_A/JHPark/roarm_b200/.cache/huggingface
  Active   : /NHNHOME/WORKSPACE/0526040060_A/JHPark/roarm_b200/envs/roarm_b200
ROARM_B200_ROOT=/NHNHOME/WORKSPACE/0526040060_A/JHPark/roarm_b200
total 544
drwxr-sr-x 38 sogang_jhki 0526040060_A   4096 May 13 20:24 .
drwxr-sr-x  5 sogang_jhki 0526040060_A   4096 May 13 18:35 ..
drwxr-sr-x  3 sogang_jhki 0526040060_A   4096 May 12 20:53 p6v10_gamma_transport_shaping_resumeP6v9
drwxr-sr-x  3 sogang_jhki 0526040060_A   4096 May 12 20:45 p6v10_sanity
drwxr-sr-x  3 sogang_jhki 0526040060_A   4096 May 12 21:15 p6v11_betagammadelta_combo_resumeP6v10
drwxr-sr-x  3 sogang_jhki 0526040060_A   4096 May 12 21:51 p6v12_eta_stage2cap_stage3transient_resumeP6v11
drwxr-sr-x  3 sogang_jhki 0526040060_A   4096 May 12 22:37 p6v13_v2_etav2_v3_velrelax_resumeP6v12
drwxr-sr-x  3 sogang_jhki 0526040060_A   4096 May 12 23:52 p6v14_curriculum_p0_resumeP6v13
drwxr-sr-x  3 sogang_jhki 0526040060_A   4096 May 13 01:22 p6v14a_pregrasp_resumeP6v14
drwxr-sr-x  3 sogang_jhki 0526040060_A   4096 May 13 03:29 p6v14b_phase0b_resumeP6v14a
drwxr-sr-x  3 sogang_jhki 0526040060_A   4096 May 13 04:43 p6v14c_phase0a_prime_hover_resumeP6v14a
drwxr-sr-x  3 sogang_jhki 0526040060_A   4096 May 13 17:18 p6v15_pathA_bias_reset_resumeP6v14a
drwxr-sr-x  3 sogang_jhki 0526040060_A   4096 May 13 17:41 p6v16_pathB_RPL_alpha03
drwxr-sr-x  3 sogang_jhki 0526040060_A   4096 May 13 18:16 p6v16b_pathB_RPL_alpha005
drwxr-sr-x  3 sogang_jhki 0526040060_A   4096 May 13 18:38 p6v16c_pathB_RPL_alpha010
drwxr-sr-x  3 sogang_jhki 0526040060_A   4096 May  8 14:35 p6v2_thresh100mm_resetstd1p5_entropy0p001_resumeP5v2
drwxr-sr-x  3 sogang_jhki 0526040060_A   4096 May  8 16:21 p6v3_no_gripper_in_placecond_grounded_resumeP6v2
drwxr-sr-x  3 sogang_jhki 0526040060_A   4096 May  9 12:08 p6v4_release_path_reshape_resumeP6v3
drwxr-sr-x  3 sogang_jhki 0526040060_A   4096 May 11 20:45 p6v5_was_grasped_latch_bias_reset_resumeP6v4
---
/NHNHOME/WORKSPACE/0526040060_A/JHPark/roarm_b200/logs/roarm_rl/p6v16c_pathB_RPL_alpha010/model_499.pt
/NHNHOME/WORKSPACE/0526040060_A/JHPark/roarm_b200/logs/roarm_rl/p6v16b_pathB_RPL_alpha005/model_499.pt
/NHNHOME/WORKSPACE/0526040060_A/JHPark/roarm_b200/logs/roarm_rl/roarm_stack_p5_500iter_seed0_resumeP4/model_499.pt
/NHNHOME/WORKSPACE/0526040060_A/JHPark/roarm_b200/logs/roarm_rl/p6v15_pathA_bias_reset_resumeP6v14a/model_499.pt
/NHNHOME/WORKSPACE/0526040060_A/JHPark/roarm_b200/logs/roarm_rl/p6v14a_pregrasp_resumeP6v14/model_499.pt
/NHNHOME/WORKSPACE/0526040060_A/JHPark/roarm_b200/logs/roarm_rl/roarm_pick_p1_500iter_seed0/model_499.pt
/NHNHOME/WORKSPACE/0526040060_A/JHPark/roarm_b200/logs/roarm_rl/roarm_stack_p4_500iter_seed0_warmstart/model_499.pt
/NHNHOME/WORKSPACE/0526040060_A/JHPark/roarm_b200/logs/roarm_rl/p6v14c_phase0a_prime_hover_resumeP6v14a/model_499.pt
/NHNHOME/WORKSPACE/0526040060_A/JHPark/roarm_b200/logs/roarm_rl/p6v16_pathB_RPL_alpha03/model_499.pt
---p6v14a---
events.out.tfevents.1778602732.JHPark-container.2205490.0
git
model_0.pt
model_100.pt
model_150.pt
model_200.pt
model_250.pt
model_300.pt
model_350.pt
model_400.pt
