=== RoArm B200 (Lenovo) env loaded ===
  ROOT     : /NHNHOME/WORKSPACE/0526040060_A/JHPark/roarm_b200
  GPU      : 0 (UUID GPU-c553ca20-377c-49dd-c...)
  HF_HOME  : /NHNHOME/WORKSPACE/0526040060_A/JHPark/roarm_b200/.cache/huggingface
  Active   : /NHNHOME/WORKSPACE/0526040060_A/JHPark/roarm_b200/envs/roarm_b200

[chain] Isaac Sim chain run, episodes=1, sponge_xy=[0.25, -0.04]
[INFO][AppLauncher]: Using device: cuda:0
[INFO][AppLauncher]: Loading experience file: /NHNHOME/WORKSPACE/0526040060_A/JHPark/roarm_b200/code/IsaacLab/apps/isaaclab.python.headless.kit
Loading user config located at: '/NHNHOME/WORKSPACE/0526040060_A/JHPark/roarm_b200/envs/isaacsim_5_1/lib/python3.11/site-packages/isaacsim/kit/data/Kit/Isaac-Sim/5.1/user.config.json'
[Info] [carb] Logging to file: /NHNHOME/WORKSPACE/0526040060_A/JHPark/roarm_b200/envs/isaacsim_5_1/lib/python3.11/site-packages/isaacsim/kit/logs/Kit/Isaac-Sim/5.1/kit_20260513_225553.log
2026-05-13T13:55:53Z [419ms] [Warning] [omni.usd_config.extension] Enable omni.materialx.libs extension to use MaterialX
2026-05-13T13:55:54Z [675ms] [Warning] [omni.platforminfo.plugin] failed to open the default display.  Can't verify X Server version.
2026-05-13T13:55:54Z [869ms] [Warning] [carb] Acquiring non optional plugin interface which is not listed as dependency: [omni::physx::IPhysxBenchmarks v1.0] (plugin: <default plugin>), by client: omni.physics.physx.plugin. Add it to CARB_PLUGIN_IMPL_DEPS() macro of a client.
2026-05-13T13:55:54Z [879ms] [Warning] [omni.isaac.dynamic_control] omni.isaac.dynamic_control is deprecated as of Isaac Sim 4.5. No action is needed from end-users.
2026-05-13T13:55:57Z [3,936ms] [Warning] [carb.cudainterop.plugin] CUDA_VISIBLE_DEVICES environment variable is set.
2026-05-13T13:55:57Z [3,936ms] [Warning] [carb.cudainterop.plugin] Note CUDA device enumeration and Omniverse device enumeration are different.
2026-05-13T13:55:57Z [3,936ms] [Warning] [carb.cudainterop.plugin] Setting CUDA_VISIBLE_DEVICES can lead to undesired behavior or crashes.
2026-05-13T13:55:58Z [4,576ms] [Warning] [gpu.foundation.plugin] Skipping NVIDIA GPU due CUDA being in bad state: NVIDIA B200
2026-05-13T13:55:58Z [4,576ms] [Warning] [gpu.foundation.plugin] Please restart your system if CUDA is known to work in your system.
2026-05-13T13:55:58Z [4,576ms] [Warning] [gpu.foundation.plugin] Skipping NVIDIA GPU due CUDA being in bad state: NVIDIA B200
2026-05-13T13:55:58Z [4,576ms] [Warning] [gpu.foundation.plugin] Please restart your system if CUDA is known to work in your system.

|---------------------------------------------------------------------------------------------|
| Driver Version: 580.95.05     | Graphics API: Vulkan
|=============================================================================================|
| GPU | Name                             | Active | LDA | GPU Memory | Vendor-ID | LUID       |
|     |                                  |        |     |            | Device-ID | UUID       |
|     |                                  |        |     |            | Bus-ID    |            |
|---------------------------------------------------------------------------------------------|
| 0   | NVIDIA B200                      | Yes: 0 |     | 183359  MB | 10de      | 0          |
|     |                                  |        |     |            | 2901      | c553ca20.. |
|     |                                  |        |     |            | 64        |            |
|---------------------------------------------------------------------------------------------|
| 1   | NVIDIA B200                      |        |     | 183359  MB | 10de      | 0          |
|     |                                  |        |     |            | 2901      | 9bb0514d.. |
|     |                                  |        |     |            | 94        |            |
|=============================================================================================|
| OS: 22.04.5 LTS (Jammy Jellyfish) ubuntu, Version: 22.04.5, Kernel: 6.8.0-100-generic
| Processor: AMD EPYC 9365 36-Core Processor
| Cores: 72 | Logical Cores: 72
|---------------------------------------------------------------------------------------------|
| Total Memory (MB): 2317624 | Free Memory: 2172487
| Total Page/Swap (MB): 0 | Free Page/Swap: 0
|---------------------------------------------------------------------------------------------|
2026-05-13T13:55:58Z [4,935ms] [Warning] [carb.cudainterop.plugin] Unable to get NVML device from physical device.
2026-05-13T13:55:58Z [4,970ms] [Warning] [carb.cudainterop.plugin] Unable to get NVML device from physical device.
2026-05-13T13:55:58Z [5,006ms] [Warning] [carb.cudainterop.plugin] Unable to get NVML device from physical device.
2026-05-13T13:56:00Z [6,755ms] [Warning] [isaaclab.envs.direct_rl_env] Seed not set for the environment. The environment creation may not be deterministic.

[36m==============================================================================================================================================[0m
[36m[1m[INFO][IsaacLab]: Logging to file: /NHNHOME/WORKSPACE/0526040060_A/JHPark/roarm_b200/.cache/tmp/isaaclab/logs/isaaclab_2026-05-13_22-56-00.log[0m
[36m==============================================================================================================================================[0m

[33m22:56:00 [simulation_context.py] WARNING: The `enable_external_forces_every_iteration` parameter in the PhysxCfg is set to False. If you are experiencing noisy velocities, consider enabling this flag. You may need to slightly increase the number of velocity iterations (setting it to 1 or 2 rather than 0), together with this flag, to improve the accuracy of velocity updates.[0m
[INFO]: Base environment:
	Environment device    : cuda:0
	Environment seed      : None
	Physics step-size     : 0.005
	Rendering step-size   : 0.01
	Environment step-size : 0.01
[INFO]: Time taken for scene creation : 1.087917 seconds
[INFO]: Scene manager:  <class InteractiveScene>
	Number of environments: 1
	Environment spacing   : 2.0
	Source prim name      : /World/envs/env_0
	Global prim paths     : []
	Replicate physics     : True
[INFO]: Starting the simulation. This may take a few seconds. Please wait...
[INFO]: Time taken for simulation start : 0.663398 seconds
[INFO]: Completed setting up the environment...
--------------------------------------------------------------------------------
Resolved observation sets: 
	 policy :  ['policy']
	 critic :  ['policy']
--------------------------------------------------------------------------------
Actor MLP: MLP(
  (0): Linear(in_features=28, out_features=256, bias=True)
  (1): ELU(alpha=1.0)
  (2): Linear(in_features=256, out_features=128, bias=True)
  (3): ELU(alpha=1.0)
  (4): Linear(in_features=128, out_features=64, bias=True)
  (5): ELU(alpha=1.0)
  (6): Linear(in_features=64, out_features=6, bias=True)
)
Critic MLP: MLP(
  (0): Linear(in_features=28, out_features=256, bias=True)
  (1): ELU(alpha=1.0)
  (2): Linear(in_features=256, out_features=128, bias=True)
  (3): ELU(alpha=1.0)
  (4): Linear(in_features=128, out_features=64, bias=True)
  (5): ELU(alpha=1.0)
  (6): Linear(in_features=64, out_features=1, bias=True)
)
[chain] loaded P6v14a actor from /NHNHOME/WORKSPACE/0526040060_A/JHPark/roarm_b200/logs/roarm_rl/p6v14a_pregrasp_resumeP6v14/model_499.pt
  Waypoint hover               : q_deg=['  -9.1', ' +19.3', '+121.1', ' +15.9', '  +0.0']  TCP=(+249.7, -39.9, +63.4)mm
  Waypoint grasp               : q_deg=['  -9.1', ' +26.9', '+120.1', ' +14.3', '  +0.0']  TCP=(+249.5, -39.9, +33.6)mm
  Waypoint transport_hover     : q_deg=['  -8.8', ' +23.1', '+116.0', ' +12.3', '  +0.0']  TCP=(+279.4, -43.4, +63.3)mm
[chain] init current_q_deg = ['+0.00', '+0.00', '+90.00', '+0.00', '+0.00', '+0.00']

[chain] Skill 0: HOME -> hover above sponge (closed-loop)
  done. steps=60 max_joint_err=6.95deg tcp_err=35.2mm

[chain] Skill 1a: TCP descend (gripper open)
  descend steps=40 max_joint_err=9.06deg

[chain] Skill 1b: gripper close (q -> 45.84deg)
  close steps=40 max_joint_err=19.29deg tcp_err=116.3mm gripper_q=46.99deg d_sponge_tcp=120.2mm grasped=False

[chain] Skill 2: grasp -> place hover (closed-loop)
  done. steps=31 max_joint_err=0.53deg tcp_err=4.5mm grasped=False sponge_z=11.0mm

[chain] Skill 3: place + release (P6v14a/model_499 inference)
  TIMEOUT. final d_xy=34.4mm d_z=0.4mm
2026-05-13T13:56:05Z [12,156ms] [Warning] [omni.usd] Unexpected reference count of 2 for UsdStage 'anon:0x5c7406dc3920:World0.usd' while being closed in UsdContext (this may indicate it is still resident in memory).
