/home/cgxr/miniconda3/lib/python3.13/site-packages/requests/__init__.py:113: RequestsDependencyWarning: urllib3 (2.6.1) or chardet (6.0.0.post1)/charset_normalizer (3.4.4) doesn't match a supported version!
  warnings.warn(
/home/cgxr/miniconda3/lib/python3.13/site-packages/requests/__init__.py:113: RequestsDependencyWarning: urllib3 (2.6.1) or chardet (6.0.0.post1)/charset_normalizer (3.4.4) doesn't match a supported version!
  warnings.warn(
/home/cgxr/miniconda3/lib/python3.13/site-packages/requests/__init__.py:113: RequestsDependencyWarning: urllib3 (2.6.1) or chardet (6.0.0.post1)/charset_normalizer (3.4.4) doesn't match a supported version!
  warnings.warn(
ffmpeg version 7.0.2-static https://johnvansickle.com/ffmpeg/  Copyright (c) 2000-2024 the FFmpeg developers
  built with gcc 8 (Debian 8.3.0-6)
  configuration: --enable-gpl --enable-version3 --enable-static --disable-debug --disable-ffplay --disable-indev=sndio --disable-outdev=sndio --cc=gcc --enable-fontconfig --enable-frei0r --enable-gnutls --enable-gmp --enable-libgme --enable-gray --enable-libaom --enable-libfribidi --enable-libass --enable-libvmaf --enable-libfreetype --enable-libmp3lame --enable-libopencore-amrnb --enable-libopencore-amrwb --enable-libopenjpeg --enable-librubberband --enable-libsoxr --enable-libspeex --enable-libsrt --enable-libvorbis --enable-libopus --enable-libtheora --enable-libvidstab --enable-libvo-amrwbenc --enable-libvpx --enable-libwebp --enable-libx264 --enable-libx265 --enable-libxml2 --enable-libdav1d --enable-libxvid --enable-libzvbi --enable-libzimg
  libavutil      59.  8.100 / 59.  8.100
  libavcodec     61.  3.100 / 61.  3.100
  libavformat    61.  1.100 / 61.  1.100
  libavdevice    61.  1.100 / 61.  1.100
  libavfilter    10.  1.100 / 10.  1.100
  libswscale      8.  1.100 /  8.  1.100
  libswresample   5.  1.100 /  5.  1.100
  libpostproc    58.  1.100 / 58.  1.100
Input #0, concat, from '/home/cgxr/Documents/Robotics/RoArm_Project/claudedocs/figures/p6v12_rollout/_concat.txt':
  Duration: N/A, start: 0.000000, bitrate: N/A
  Stream #0:0: Video: png, rgb24(pc, gbr/unknown/unknown), 1280x720, 25 fps, 25 tbr, 25 tbn
Stream mapping:
  Stream #0:0 -> #0:0 (png (native) -> h264 (libx264))
Press [q] to stop, [?] for help
[libx264 @ 0x9d86380] using cpu capabilities: MMX2 SSE2Fast SSSE3 SSE4.2 AVX FMA3 BMI2 AVX2
[libx264 @ 0x9d86380] profile High, level 3.1, 4:2:0, 8-bit
[libx264 @ 0x9d86380] 264 - core 164 r3191 4613ac3 - H.264/MPEG-4 AVC codec - Copyleft 2003-2024 - http://www.videolan.org/x264.html - options: cabac=1 ref=3 deblock=1:0:0 analyse=0x3:0x113 me=hex subme=7 psy=1 psy_rd=1.00:0.00 mixed_ref=1 me_range=16 chroma_me=1 trellis=1 8x8dct=1 cqm=0 deadzone=21,11 fast_pskip=1 chroma_qp_offset=-2 threads=22 lookahead_threads=3 sliced_threads=0 nr=0 decimate=1 interlaced=0 bluray_compat=0 constrained_intra=0 bframes=3 b_pyramid=2 b_adapt=1 b_bias=0 direct=1 weightb=1 open_gop=0 weightp=2 keyint=250 keyint_min=25 scenecut=40 intra_refresh=0 rc_lookahead=40 rc=crf mbtree=1 crf=23.0 qcomp=0.60 qpmin=0 qpmax=69 qpstep=4 ip_ratio=1.40 aq=1:1.00
Output #0, mp4, to '/home/cgxr/Documents/Robotics/RoArm_Project/claudedocs/figures/p6v12_rollout/p6v12_rollout.mp4':
  Metadata:
    encoder         : Lavf61.1.100
  Stream #0:0: Video: h264 (avc1 / 0x31637661), yuv420p(progressive), 1280x720, q=2-31, 30 fps, 15360 tbn
      Metadata:
        encoder         : Lavc61.3.100 libx264
      Side data:
        cpb: bitrate max/min/avg: 0/0/0 buffer size: 0 vbv_delay: N/A
frame=   58 fps=0.0 q=29.0 size=       0KiB time=00:00:01.86 bitrate=   0.2kbits/s speed=3.73x    [out#0/mp4 @ 0x9d849c0] video:187KiB audio:0KiB subtitle:0KiB other streams:0KiB global headers:0KiB muxing overhead: 1.704942%
frame=  202 fps=0.0 q=-1.0 Lsize=     191KiB time=00:00:06.66 bitrate= 234.1kbits/s speed=8.35x    
[libx264 @ 0x9d86380] frame I:2     Avg QP:16.93  size:  3646
[libx264 @ 0x9d86380] frame P:51    Avg QP:19.22  size:  1769
[libx264 @ 0x9d86380] frame B:149   Avg QP:20.45  size:   629
[libx264 @ 0x9d86380] consecutive B-frames:  1.0%  1.0%  3.0% 95.0%
[libx264 @ 0x9d86380] mb I  I16..4: 38.8% 57.2%  4.1%
[libx264 @ 0x9d86380] mb P  I16..4:  0.2%  2.1%  0.3%  P16..4:  2.6%  1.2%  0.6%  0.0%  0.0%    skip:93.0%
[libx264 @ 0x9d86380] mb B  I16..4:  0.1%  0.2%  0.0%  B16..8:  4.0%  0.7%  0.1%  direct: 0.1%  skip:94.7%  L0:45.1% L1:48.3% BI: 6.6%
[libx264 @ 0x9d86380] 8x8 transform intra:66.1% inter:59.8%
[libx264 @ 0x9d86380] coded y,uvDC,uvAC intra: 10.1% 1.4% 1.0% inter: 0.8% 0.1% 0.0%
[libx264 @ 0x9d86380] i16 v,h,dc,p: 83%  9%  5%  3%
[libx264 @ 0x9d86380] i8 v,h,dc,ddl,ddr,vr,hd,vl,hu: 35%  4% 56%  1%  1%  1%  1%  1%  1%
[libx264 @ 0x9d86380] i4 v,h,dc,ddl,ddr,vr,hd,vl,hu: 31% 14% 25%  6%  4%  6%  4%  9%  2%
[libx264 @ 0x9d86380] i8c dc,h,v,p: 99%  1%  1%  0%
[libx264 @ 0x9d86380] Weighted P-Frames: Y:2.0% UV:0.0%
[libx264 @ 0x9d86380] ref P L0: 49.8% 11.5% 26.4% 12.1%  0.2%
[libx264 @ 0x9d86380] ref B L0: 77.5% 16.3%  6.2%
[libx264 @ 0x9d86380] ref B L1: 94.2%  5.8%
[libx264 @ 0x9d86380] kb/s:227.13
